
==========================================================================
cts final report_tns
--------------------------------------------------------------------------
tns max 0.00

==========================================================================
cts final report_wns
--------------------------------------------------------------------------
wns max 0.00

==========================================================================
cts final report_worst_slack
--------------------------------------------------------------------------
worst slack max 8.30

==========================================================================
cts final report_clock_min_period
--------------------------------------------------------------------------
clk_core period_min = 11.70 fmax = 85.47

==========================================================================
cts final report_clock_skew
--------------------------------------------------------------------------
Clock clk_core
   0.66 source latency system_expander.i2cCtrl.ctrl_shiftRegister[5]$_DFFE_PP_/CLK ^
  -0.51 target latency system_expander.link_regAddr[5]$_DFFE_PP_/CLK ^
   0.05 clock uncertainty
  -0.04 CRPR
--------------
   0.17 setup skew


==========================================================================
cts final report_checks -path_delay min
--------------------------------------------------------------------------
Startpoint: system_expander.gpioCtrl_1.last[1]$_DFF_P_
            (rising edge-triggered flip-flop clocked by clk_core)
Endpoint: system_expander.irq_fall_ctrl.pendings[1]$_SDFF_PN0_
          (rising edge-triggered flip-flop clocked by clk_core)
Path Group: clk_core
Path Type: min
Corner: fast

Fanout     Cap    Slew   Delay    Time   Description
-----------------------------------------------------------------------------
                          0.00    0.00   clock clk_core (rise edge)
                          0.00    0.00   clock source latency
     1    0.08    0.10    0.00    0.00 ^ sg13cmos5l_IOPad_io_clock/p2c (sg13cmos5l_IOPadIn)
                                         clock (net)
                  0.11    0.03    0.03 ^ clkbuf_0_clock/A (sg13cmos5l_buf_16)
    16    0.35    0.05    0.09    0.12 ^ clkbuf_0_clock/X (sg13cmos5l_buf_16)
                                         clknet_0_clock (net)
                  0.11    0.04    0.16 ^ clkbuf_4_11_0_clock/A (sg13cmos5l_buf_16)
     2    0.04    0.02    0.07    0.23 ^ clkbuf_4_11_0_clock/X (sg13cmos5l_buf_16)
                                         clknet_4_11_0_clock (net)
                  0.02    0.00    0.24 ^ clkbuf_5_23__f_clock/A (sg13cmos5l_buf_16)
     6    0.03    0.01    0.04    0.28 ^ clkbuf_5_23__f_clock/X (sg13cmos5l_buf_16)
                                         clknet_5_23__leaf_clock (net)
                  0.01    0.00    0.28 ^ system_expander.gpioCtrl_1.last[1]$_DFF_P_/CLK (sg13cmos5l_dfrbpq_1)
     2    0.01    0.03    0.12    0.40 v system_expander.gpioCtrl_1.last[1]$_DFF_P_/Q (sg13cmos5l_dfrbpq_1)
                                         system_expander.gpioCtrl_1.last[1] (net)
                  0.03    0.00    0.40 v _1380_/A2 (sg13cmos5l_a22oi_1)
     1    0.00    0.03    0.05    0.45 ^ _1380_/Y (sg13cmos5l_a22oi_1)
                                         _0757_ (net)
                  0.03    0.00    0.45 ^ _1381_/B (sg13cmos5l_nor2_1)
     1    0.00    0.02    0.02    0.47 v _1381_/Y (sg13cmos5l_nor2_1)
                                         _0076_ (net)
                  0.02    0.00    0.47 v system_expander.irq_fall_ctrl.pendings[1]$_SDFF_PN0_/D (sg13cmos5l_dfrbpq_1)
                                  0.47   data arrival time

                          0.00    0.00   clock clk_core (rise edge)
                          0.00    0.00   clock source latency
     1    0.08    0.11    0.00    0.00 ^ sg13cmos5l_IOPad_io_clock/p2c (sg13cmos5l_IOPadIn)
                                         clock (net)
                  0.11    0.04    0.04 ^ clkbuf_0_clock/A (sg13cmos5l_buf_16)
    16    0.40    0.05    0.10    0.14 ^ clkbuf_0_clock/X (sg13cmos5l_buf_16)
                                         clknet_0_clock (net)
                  0.17    0.09    0.23 ^ clkbuf_4_12_0_clock/A (sg13cmos5l_buf_16)
     2    0.05    0.02    0.10    0.33 ^ clkbuf_4_12_0_clock/X (sg13cmos5l_buf_16)
                                         clknet_4_12_0_clock (net)
                  0.02    0.00    0.33 ^ clkbuf_5_24__f_clock/A (sg13cmos5l_buf_16)
     6    0.03    0.02    0.05    0.38 ^ clkbuf_5_24__f_clock/X (sg13cmos5l_buf_16)
                                         clknet_5_24__leaf_clock (net)
                  0.02    0.00    0.38 ^ system_expander.irq_fall_ctrl.pendings[1]$_SDFF_PN0_/CLK (sg13cmos5l_dfrbpq_1)
                          0.05    0.43   clock uncertainty
                         -0.02    0.41   clock reconvergence pessimism
                         -0.02    0.39   library hold time
                                  0.39   data required time
-----------------------------------------------------------------------------
                                  0.39   data required time
                                 -0.47   data arrival time
-----------------------------------------------------------------------------
                                  0.09   slack (MET)



==========================================================================
cts final report_checks -path_delay max
--------------------------------------------------------------------------
Startpoint: system_expander.irq_high_masks[3]$_SDFFE_PN0P_
            (rising edge-triggered flip-flop clocked by clk_core)
Endpoint: io_i2c_interrupt_PAD (output port clocked by clk_core)
Path Group: clk_core
Path Type: max
Corner: slow

Fanout     Cap    Slew   Delay    Time   Description
-----------------------------------------------------------------------------
                          0.00    0.00   clock clk_core (rise edge)
                          0.00    0.00   clock source latency
     1    0.08    0.23    0.00    0.00 ^ sg13cmos5l_IOPad_io_clock/p2c (sg13cmos5l_IOPadIn)
                                         clock (net)
                  0.19    0.04    0.04 ^ clkbuf_0_clock/A (sg13cmos5l_buf_16)
    16    0.36    0.16    0.25    0.29 ^ clkbuf_0_clock/X (sg13cmos5l_buf_16)
                                         clknet_0_clock (net)
                  0.22    0.08    0.37 ^ clkbuf_4_15_0_clock/A (sg13cmos5l_buf_16)
     2    0.04    0.05    0.20    0.57 ^ clkbuf_4_15_0_clock/X (sg13cmos5l_buf_16)
                                         clknet_4_15_0_clock (net)
                  0.05    0.00    0.57 ^ clkbuf_5_31__f_clock/A (sg13cmos5l_buf_16)
     6    0.03    0.03    0.11    0.68 ^ clkbuf_5_31__f_clock/X (sg13cmos5l_buf_16)
                                         clknet_5_31__leaf_clock (net)
                  0.03    0.00    0.68 ^ system_expander.irq_high_masks[3]$_SDFFE_PN0P_/CLK (sg13cmos5l_dfrbpq_1)
     4    0.02    0.12    0.34    1.02 ^ system_expander.irq_high_masks[3]$_SDFFE_PN0P_/Q (sg13cmos5l_dfrbpq_1)
                                         system_expander.irq_high_ctrl.io_masks[3] (net)
                  0.12    0.00    1.02 ^ _0933_/A1 (sg13cmos5l_a22oi_1)
     1    0.01    0.11    0.16    1.18 v _0933_/Y (sg13cmos5l_a22oi_1)
                                         _0375_ (net)
                  0.11    0.00    1.18 v _0934_/B (sg13cmos5l_and2_1)
     1    0.00    0.04    0.16    1.34 v _0934_/X (sg13cmos5l_and2_1)
                                         _0376_ (net)
                  0.04    0.00    1.34 v _0935_/D (sg13cmos5l_nand4_1)
     1    0.01    0.11    0.11    1.45 ^ _0935_/Y (sg13cmos5l_nand4_1)
                                         _0377_ (net)
                  0.11    0.00    1.45 ^ _0948_/B (sg13cmos5l_or4_1)
     1    0.13    0.82    0.71    2.16 ^ _0948_/X (sg13cmos5l_or4_1)
                                         system_expander.i2cCtrl.io_i2c_interrupts[0] (net)
                  1.11    0.09    2.26 ^ sg13cmos5l_IOPad_io_i2c_interrupt/c2p (sg13cmos5l_IOPadOut4mA)
     2    4.00    5.84    5.39    7.65 ^ sg13cmos5l_IOPad_io_i2c_interrupt/pad (sg13cmos5l_IOPadOut4mA)
                                         io_i2c_interrupt_PAD (net)
                  4.38    0.00    7.65 ^ io_i2c_interrupt_PAD (inout)
                                  7.65   data arrival time

                         20.00   20.00   clock clk_core (rise edge)
                          0.00   20.00   clock network delay (propagated)
                         -0.05   19.95   clock uncertainty
                          0.00   19.95   clock reconvergence pessimism
                         -4.00   15.95   output external delay
                                 15.95   data required time
-----------------------------------------------------------------------------
                                 15.95   data required time
                                 -7.65   data arrival time
-----------------------------------------------------------------------------
                                  8.30   slack (MET)



==========================================================================
cts final report_checks -unconstrained
--------------------------------------------------------------------------
Startpoint: system_expander.irq_high_masks[3]$_SDFFE_PN0P_
            (rising edge-triggered flip-flop clocked by clk_core)
Endpoint: io_i2c_interrupt_PAD (output port clocked by clk_core)
Path Group: clk_core
Path Type: max
Corner: slow

Fanout     Cap    Slew   Delay    Time   Description
-----------------------------------------------------------------------------
                          0.00    0.00   clock clk_core (rise edge)
                          0.00    0.00   clock source latency
     1    0.08    0.23    0.00    0.00 ^ sg13cmos5l_IOPad_io_clock/p2c (sg13cmos5l_IOPadIn)
                                         clock (net)
                  0.19    0.04    0.04 ^ clkbuf_0_clock/A (sg13cmos5l_buf_16)
    16    0.36    0.16    0.25    0.29 ^ clkbuf_0_clock/X (sg13cmos5l_buf_16)
                                         clknet_0_clock (net)
                  0.22    0.08    0.37 ^ clkbuf_4_15_0_clock/A (sg13cmos5l_buf_16)
     2    0.04    0.05    0.20    0.57 ^ clkbuf_4_15_0_clock/X (sg13cmos5l_buf_16)
                                         clknet_4_15_0_clock (net)
                  0.05    0.00    0.57 ^ clkbuf_5_31__f_clock/A (sg13cmos5l_buf_16)
     6    0.03    0.03    0.11    0.68 ^ clkbuf_5_31__f_clock/X (sg13cmos5l_buf_16)
                                         clknet_5_31__leaf_clock (net)
                  0.03    0.00    0.68 ^ system_expander.irq_high_masks[3]$_SDFFE_PN0P_/CLK (sg13cmos5l_dfrbpq_1)
     4    0.02    0.12    0.34    1.02 ^ system_expander.irq_high_masks[3]$_SDFFE_PN0P_/Q (sg13cmos5l_dfrbpq_1)
                                         system_expander.irq_high_ctrl.io_masks[3] (net)
                  0.12    0.00    1.02 ^ _0933_/A1 (sg13cmos5l_a22oi_1)
     1    0.01    0.11    0.16    1.18 v _0933_/Y (sg13cmos5l_a22oi_1)
                                         _0375_ (net)
                  0.11    0.00    1.18 v _0934_/B (sg13cmos5l_and2_1)
     1    0.00    0.04    0.16    1.34 v _0934_/X (sg13cmos5l_and2_1)
                                         _0376_ (net)
                  0.04    0.00    1.34 v _0935_/D (sg13cmos5l_nand4_1)
     1    0.01    0.11    0.11    1.45 ^ _0935_/Y (sg13cmos5l_nand4_1)
                                         _0377_ (net)
                  0.11    0.00    1.45 ^ _0948_/B (sg13cmos5l_or4_1)
     1    0.13    0.82    0.71    2.16 ^ _0948_/X (sg13cmos5l_or4_1)
                                         system_expander.i2cCtrl.io_i2c_interrupts[0] (net)
                  1.11    0.09    2.26 ^ sg13cmos5l_IOPad_io_i2c_interrupt/c2p (sg13cmos5l_IOPadOut4mA)
     2    4.00    5.84    5.39    7.65 ^ sg13cmos5l_IOPad_io_i2c_interrupt/pad (sg13cmos5l_IOPadOut4mA)
                                         io_i2c_interrupt_PAD (net)
                  4.38    0.00    7.65 ^ io_i2c_interrupt_PAD (inout)
                                  7.65   data arrival time

                         20.00   20.00   clock clk_core (rise edge)
                          0.00   20.00   clock network delay (propagated)
                         -0.05   19.95   clock uncertainty
                          0.00   19.95   clock reconvergence pessimism
                         -4.00   15.95   output external delay
                                 15.95   data required time
-----------------------------------------------------------------------------
                                 15.95   data required time
                                 -7.65   data arrival time
-----------------------------------------------------------------------------
                                  8.30   slack (MET)



==========================================================================
cts final report_check_types -max_slew -max_cap -max_fanout -violators
--------------------------------------------------------------------------
max slew

Pin                                    Limit    Slew   Slack
------------------------------------------------------------
sg13cmos5l_IOPad_io_i2c_sda/pad         1.20    6.19   -4.99 (VIOLATED)
sg13cmos5l_IOPad_io_i2c_scl/pad         1.20    6.19   -4.99 (VIOLATED)
io_i2c_scl_PAD                          1.20    6.19   -4.99 (VIOLATED)
io_i2c_sda_PAD                          1.20    6.19   -4.99 (VIOLATED)
sg13cmos5l_IOPad_io_i2c_interrupt/pad    1.20    5.84   -4.64 (VIOLATED)
sg13cmos5l_IOPad_io_gpio_7/pad          1.20    2.72   -1.52 (VIOLATED)
sg13cmos5l_IOPad_io_gpio_0/pad          1.20    2.71   -1.51 (VIOLATED)
sg13cmos5l_IOPad_io_gpio_6/pad          1.20    2.70   -1.50 (VIOLATED)
sg13cmos5l_IOPad_io_gpio_1/pad          1.20    2.70   -1.50 (VIOLATED)
sg13cmos5l_IOPad_io_gpio_3/pad          1.20    2.69   -1.49 (VIOLATED)
sg13cmos5l_IOPad_io_gpio_2/pad          1.20    2.69   -1.49 (VIOLATED)
sg13cmos5l_IOPad_io_gpio_5/pad          1.20    2.68   -1.48 (VIOLATED)
sg13cmos5l_IOPad_io_gpio_4/pad          1.20    2.67   -1.47 (VIOLATED)
io_gpio_7_PAD                           1.20    2.04   -0.84 (VIOLATED)
io_gpio_0_PAD                           1.20    2.03   -0.83 (VIOLATED)
io_gpio_6_PAD                           1.20    2.02   -0.82 (VIOLATED)
io_gpio_1_PAD                           1.20    2.02   -0.82 (VIOLATED)
io_gpio_3_PAD                           1.20    2.02   -0.82 (VIOLATED)
io_gpio_2_PAD                           1.20    2.01   -0.81 (VIOLATED)
io_gpio_5_PAD                           1.20    2.01   -0.81 (VIOLATED)
io_gpio_4_PAD                           1.20    2.01   -0.81 (VIOLATED)

max fanout

Pin                                   Limit Fanout  Slack
---------------------------------------------------------
clkbuf_0_clock/X                          8     16     -8 (VIOLATED)

max capacitance

Pin                                    Limit     Cap   Slack
------------------------------------------------------------
io_i2c_scl_PAD                          0.60    4.21   -3.61 (VIOLATED)

io_i2c_sda_PAD                          0.60    4.21   -3.61 (VIOLATED)

sg13cmos5l_IOPad_io_i2c_scl/pad         0.60    4.21   -3.61 (VIOLATED)

sg13cmos5l_IOPad_io_i2c_sda/pad         0.60    4.21   -3.61 (VIOLATED)

sg13cmos5l_IOPad_io_i2c_interrupt/pad    0.66    4.00   -3.34 (VIOLATED)

io_gpio_0_PAD                           2.19    4.29   -2.10 (VIOLATED)

io_gpio_1_PAD                           2.19    4.29   -2.10 (VIOLATED)

io_gpio_2_PAD                           2.19    4.29   -2.10 (VIOLATED)

io_gpio_3_PAD                           2.19    4.29   -2.10 (VIOLATED)

io_gpio_4_PAD                           2.19    4.29   -2.10 (VIOLATED)

io_gpio_5_PAD                           2.19    4.29   -2.10 (VIOLATED)

io_gpio_6_PAD                           2.19    4.29   -2.10 (VIOLATED)

io_gpio_7_PAD                           2.19    4.29   -2.10 (VIOLATED)

sg13cmos5l_IOPad_io_gpio_0/pad          2.19    4.29   -2.10 (VIOLATED)

sg13cmos5l_IOPad_io_gpio_1/pad          2.19    4.29   -2.10 (VIOLATED)

sg13cmos5l_IOPad_io_gpio_2/pad          2.19    4.29   -2.10 (VIOLATED)

sg13cmos5l_IOPad_io_gpio_3/pad          2.19    4.29   -2.10 (VIOLATED)

sg13cmos5l_IOPad_io_gpio_4/pad          2.19    4.29   -2.10 (VIOLATED)

sg13cmos5l_IOPad_io_gpio_5/pad          2.19    4.29   -2.10 (VIOLATED)

sg13cmos5l_IOPad_io_gpio_6/pad          2.19    4.29   -2.10 (VIOLATED)

sg13cmos5l_IOPad_io_gpio_7/pad          2.19    4.29   -2.10 (VIOLATED)


==========================================================================
cts final max_slew_check_slack
--------------------------------------------------------------------------
-4.993946552276611

==========================================================================
cts final max_slew_check_limit
--------------------------------------------------------------------------
1.2000000476837158

==========================================================================
cts final max_slew_check_slack_limit
--------------------------------------------------------------------------
-4.1616

==========================================================================
cts final max_fanout_check_slack
--------------------------------------------------------------------------
-8.0

==========================================================================
cts final max_fanout_check_limit
--------------------------------------------------------------------------
8.0

==========================================================================
cts final max_fanout_check_slack_limit
--------------------------------------------------------------------------
-1.0000

==========================================================================
cts final max_capacitance_check_slack
--------------------------------------------------------------------------
-3.6129422187805176

==========================================================================
cts final max_capacitance_check_limit
--------------------------------------------------------------------------
0.5997740030288696

==========================================================================
cts final max_capacitance_check_slack_limit
--------------------------------------------------------------------------
-6.0238

==========================================================================
cts final max_slew_violation_count
--------------------------------------------------------------------------
max slew violation count 21

==========================================================================
cts final max_fanout_violation_count
--------------------------------------------------------------------------
max fanout violation count 1

==========================================================================
cts final max_cap_violation_count
--------------------------------------------------------------------------
max cap violation count 21

==========================================================================
cts final setup_violation_count
--------------------------------------------------------------------------
setup violation count 0

==========================================================================
cts final hold_violation_count
--------------------------------------------------------------------------
hold violation count 0

==========================================================================
cts final report_checks -path_delay max reg to reg
--------------------------------------------------------------------------
Startpoint: system_expander.link_regAddr[2]$_DFFE_PP_
            (rising edge-triggered flip-flop clocked by clk_core)
Endpoint: system_expander.link_data[4]$_SDFFE_PN0P_
          (rising edge-triggered flip-flop clocked by clk_core)
Path Group: clk_core
Path Type: max
Corner: slow

  Delay    Time   Description
---------------------------------------------------------
   0.00    0.00   clock clk_core (rise edge)
   0.00    0.00   clock source latency
   0.00    0.00 ^ sg13cmos5l_IOPad_io_clock/p2c (sg13cmos5l_IOPadIn)
   0.29    0.29 ^ clkbuf_0_clock/X (sg13cmos5l_buf_16)
   0.22    0.51 ^ clkbuf_4_8_0_clock/X (sg13cmos5l_buf_16)
   0.11    0.62 ^ clkbuf_5_17__f_clock/X (sg13cmos5l_buf_16)
   0.00    0.62 ^ system_expander.link_regAddr[2]$_DFFE_PP_/CLK (sg13cmos5l_dfrbpq_1)
   0.44    1.07 ^ system_expander.link_regAddr[2]$_DFFE_PP_/Q (sg13cmos5l_dfrbpq_1)
   0.32    1.38 ^ place401/X (sg13cmos5l_buf_1)
   0.37    1.76 ^ place400/X (sg13cmos5l_buf_1)
   0.24    2.00 v _1095_/Y (sg13cmos5l_nor2_2)
   0.17    2.16 ^ _1098_/Y (sg13cmos5l_nand2_1)
   0.53    2.69 v _1099_/Y (sg13cmos5l_nand3_1)
   0.44    3.13 ^ _1195_/Y (sg13cmos5l_nor2_2)
   0.46    3.59 v _1204_/Y (sg13cmos5l_nand4_1)
   0.26    3.85 v _1205_/X (sg13cmos5l_and3_1)
   0.00    3.85 v system_expander.link_data[4]$_SDFFE_PN0P_/D (sg13cmos5l_dfrbpq_1)
           3.85   data arrival time

  20.00   20.00   clock clk_core (rise edge)
   0.00   20.00   clock source latency
   0.00   20.00 ^ sg13cmos5l_IOPad_io_clock/p2c (sg13cmos5l_IOPadIn)
   0.25   20.25 ^ clkbuf_0_clock/X (sg13cmos5l_buf_16)
   0.22   20.47 ^ clkbuf_4_3_0_clock/X (sg13cmos5l_buf_16)
   0.10   20.57 ^ clkbuf_5_6__f_clock/X (sg13cmos5l_buf_16)
   0.00   20.57 ^ system_expander.link_data[4]$_SDFFE_PN0P_/CLK (sg13cmos5l_dfrbpq_1)
  -0.05   20.52   clock uncertainty
   0.04   20.56   clock reconvergence pessimism
  -0.18   20.38   library setup time
          20.38   data required time
---------------------------------------------------------
          20.38   data required time
          -3.85   data arrival time
---------------------------------------------------------
          16.52   slack (MET)



==========================================================================
cts final report_checks -path_delay min reg to reg
--------------------------------------------------------------------------
Startpoint: system_expander.gpioCtrl_1.last[1]$_DFF_P_
            (rising edge-triggered flip-flop clocked by clk_core)
Endpoint: system_expander.irq_fall_ctrl.pendings[1]$_SDFF_PN0_
          (rising edge-triggered flip-flop clocked by clk_core)
Path Group: clk_core
Path Type: min
Corner: fast

  Delay    Time   Description
---------------------------------------------------------
   0.00    0.00   clock clk_core (rise edge)
   0.00    0.00   clock source latency
   0.00    0.00 ^ sg13cmos5l_IOPad_io_clock/p2c (sg13cmos5l_IOPadIn)
   0.12    0.12 ^ clkbuf_0_clock/X (sg13cmos5l_buf_16)
   0.11    0.23 ^ clkbuf_4_11_0_clock/X (sg13cmos5l_buf_16)
   0.04    0.28 ^ clkbuf_5_23__f_clock/X (sg13cmos5l_buf_16)
   0.00    0.28 ^ system_expander.gpioCtrl_1.last[1]$_DFF_P_/CLK (sg13cmos5l_dfrbpq_1)
   0.12    0.40 v system_expander.gpioCtrl_1.last[1]$_DFF_P_/Q (sg13cmos5l_dfrbpq_1)
   0.05    0.45 ^ _1380_/Y (sg13cmos5l_a22oi_1)
   0.02    0.47 v _1381_/Y (sg13cmos5l_nor2_1)
   0.00    0.47 v system_expander.irq_fall_ctrl.pendings[1]$_SDFF_PN0_/D (sg13cmos5l_dfrbpq_1)
           0.47   data arrival time

   0.00    0.00   clock clk_core (rise edge)
   0.00    0.00   clock source latency
   0.00    0.00 ^ sg13cmos5l_IOPad_io_clock/p2c (sg13cmos5l_IOPadIn)
   0.14    0.14 ^ clkbuf_0_clock/X (sg13cmos5l_buf_16)
   0.19    0.33 ^ clkbuf_4_12_0_clock/X (sg13cmos5l_buf_16)
   0.05    0.38 ^ clkbuf_5_24__f_clock/X (sg13cmos5l_buf_16)
   0.00    0.38 ^ system_expander.irq_fall_ctrl.pendings[1]$_SDFF_PN0_/CLK (sg13cmos5l_dfrbpq_1)
   0.05    0.43   clock uncertainty
  -0.02    0.41   clock reconvergence pessimism
  -0.02    0.39   library hold time
           0.39   data required time
---------------------------------------------------------
           0.39   data required time
          -0.47   data arrival time
---------------------------------------------------------
           0.09   slack (MET)



==========================================================================
cts final critical path target clock latency max path
--------------------------------------------------------------------------
0.5365

==========================================================================
cts final critical path target clock latency min path
--------------------------------------------------------------------------
0.6153

==========================================================================
cts final critical path source clock latency min path
--------------------------------------------------------------------------
0.0000

==========================================================================
cts final critical path delay
--------------------------------------------------------------------------
7.6494

==========================================================================
cts final critical path slack
--------------------------------------------------------------------------
8.3006

==========================================================================
cts final slack div critical path delay
--------------------------------------------------------------------------
108.513086

==========================================================================
cts final report_power
--------------------------------------------------------------------------
Corner: slow
Group                  Internal  Switching    Leakage      Total
                          Power      Power      Power      Power (Watts)
----------------------------------------------------------------
Sequential             2.66e-05   9.18e-07   4.08e-07   2.79e-05   7.1%
Combinational          2.29e-06   9.21e-06   3.71e-07   1.19e-05   3.0%
Clock                  1.39e-05   5.91e-06   3.32e-07   2.02e-05   5.1%
Macro                  0.00e+00   0.00e+00   0.00e+00   0.00e+00   0.0%
Pad                    1.45e-04   1.90e-04   1.49e-07   3.35e-04  84.8%
----------------------------------------------------------------
Total                  1.88e-04   2.07e-04   1.26e-06   3.95e-04 100.0%
                          47.4%      52.2%       0.3%
Corner: fast
Group                  Internal  Switching    Leakage      Total
                          Power      Power      Power      Power (Watts)
----------------------------------------------------------------
Sequential             3.94e-05   1.52e-06   2.06e-07   4.11e-05   7.1%
Combinational          3.63e-06   1.55e-05   2.51e-07   1.94e-05   3.3%
Clock                  2.30e-05   9.81e-06   2.30e-07   3.31e-05   5.7%
Macro                  0.00e+00   0.00e+00   0.00e+00   0.00e+00   0.0%
Pad                    2.15e-04   2.74e-04   5.54e-08   4.89e-04  83.9%
----------------------------------------------------------------
Total                  2.81e-04   3.01e-04   7.43e-07   5.82e-04 100.0%
                          48.2%      51.6%       0.1%
