
==========================================================================
detailed place report_tns
--------------------------------------------------------------------------
tns max 0.00

==========================================================================
detailed place report_wns
--------------------------------------------------------------------------
wns max 0.00

==========================================================================
detailed place report_worst_slack
--------------------------------------------------------------------------
worst slack max 8.88

==========================================================================
detailed place report_clock_min_period
--------------------------------------------------------------------------
clk_core period_min = 11.12 fmax = 89.95

==========================================================================
detailed place report_checks -path_delay min
--------------------------------------------------------------------------
Startpoint: system_expander.gpioCtrl_1.io_gpio_pins_read_buffercc/buffers_0[1]$_DFF_P_
            (rising edge-triggered flip-flop clocked by clk_core)
Endpoint: system_expander.gpioCtrl_1.last[1]$_DFF_P_
          (rising edge-triggered flip-flop clocked by clk_core)
Path Group: clk_core
Path Type: min
Corner: fast

Fanout     Cap    Slew   Delay    Time   Description
-----------------------------------------------------------------------------
                  0.25    0.00    0.00   clock clk_core (rise edge)
                          0.00    0.00   clock network delay (ideal)
                  0.25    0.00    0.00 ^ system_expander.gpioCtrl_1.io_gpio_pins_read_buffercc/buffers_0[1]$_DFF_P_/CLK (sg13cmos5l_dfrbpq_1)
     5    0.02    0.05    0.19    0.19 v system_expander.gpioCtrl_1.io_gpio_pins_read_buffercc/buffers_0[1]$_DFF_P_/Q (sg13cmos5l_dfrbpq_1)
                                         system_expander.gpioCtrl_1.io_gpio_pins_read_buffercc_io_dataOut[1] (net)
                  0.05    0.00    0.19 v system_expander.gpioCtrl_1.last[1]$_DFF_P_/D (sg13cmos5l_dfrbpq_1)
                                  0.19   data arrival time

                  0.25    0.00    0.00   clock clk_core (rise edge)
                          0.00    0.00   clock network delay (ideal)
                          0.05    0.05   clock uncertainty
                          0.00    0.05   clock reconvergence pessimism
                                  0.05 ^ system_expander.gpioCtrl_1.last[1]$_DFF_P_/CLK (sg13cmos5l_dfrbpq_1)
                          0.01    0.06   library hold time
                                  0.06   data required time
-----------------------------------------------------------------------------
                                  0.06   data required time
                                 -0.19   data arrival time
-----------------------------------------------------------------------------
                                  0.13   slack (MET)



==========================================================================
detailed place report_checks -path_delay max
--------------------------------------------------------------------------
Startpoint: system_expander.irq_high_masks[3]$_SDFFE_PN0P_
            (rising edge-triggered flip-flop clocked by clk_core)
Endpoint: io_i2c_interrupt_PAD (output port clocked by clk_core)
Path Group: clk_core
Path Type: max
Corner: slow

Fanout     Cap    Slew   Delay    Time   Description
-----------------------------------------------------------------------------
                  0.25    0.00    0.00   clock clk_core (rise edge)
                          0.00    0.00   clock network delay (ideal)
                  0.25    0.00    0.00 ^ system_expander.irq_high_masks[3]$_SDFFE_PN0P_/CLK (sg13cmos5l_dfrbpq_1)
     4    0.02    0.12    0.44    0.44 ^ system_expander.irq_high_masks[3]$_SDFFE_PN0P_/Q (sg13cmos5l_dfrbpq_1)
                                         system_expander.irq_high_ctrl.io_masks[3] (net)
                  0.12    0.00    0.44 ^ _0933_/A1 (sg13cmos5l_a22oi_1)
     1    0.01    0.11    0.16    0.60 v _0933_/Y (sg13cmos5l_a22oi_1)
                                         _0375_ (net)
                  0.11    0.00    0.60 v _0934_/B (sg13cmos5l_and2_1)
     1    0.00    0.04    0.16    0.76 v _0934_/X (sg13cmos5l_and2_1)
                                         _0376_ (net)
                  0.04    0.00    0.76 v _0935_/D (sg13cmos5l_nand4_1)
     1    0.01    0.11    0.11    0.87 ^ _0935_/Y (sg13cmos5l_nand4_1)
                                         _0377_ (net)
                  0.11    0.00    0.87 ^ _0948_/B (sg13cmos5l_or4_1)
     1    0.13    0.82    0.71    1.58 ^ _0948_/X (sg13cmos5l_or4_1)
                                         system_expander.i2cCtrl.io_i2c_interrupts[0] (net)
                  1.11    0.09    1.67 ^ sg13cmos5l_IOPad_io_i2c_interrupt/c2p (sg13cmos5l_IOPadOut4mA)
     2    4.00    5.84    5.39    7.07 ^ sg13cmos5l_IOPad_io_i2c_interrupt/pad (sg13cmos5l_IOPadOut4mA)
                                         io_i2c_interrupt_PAD (net)
                  4.38    0.00    7.07 ^ io_i2c_interrupt_PAD (inout)
                                  7.07   data arrival time

                  0.25   20.00   20.00   clock clk_core (rise edge)
                          0.00   20.00   clock network delay (ideal)
                         -0.05   19.95   clock uncertainty
                          0.00   19.95   clock reconvergence pessimism
                         -4.00   15.95   output external delay
                                 15.95   data required time
-----------------------------------------------------------------------------
                                 15.95   data required time
                                 -7.07   data arrival time
-----------------------------------------------------------------------------
                                  8.88   slack (MET)



==========================================================================
detailed place report_checks -unconstrained
--------------------------------------------------------------------------
Startpoint: system_expander.irq_high_masks[3]$_SDFFE_PN0P_
            (rising edge-triggered flip-flop clocked by clk_core)
Endpoint: io_i2c_interrupt_PAD (output port clocked by clk_core)
Path Group: clk_core
Path Type: max
Corner: slow

Fanout     Cap    Slew   Delay    Time   Description
-----------------------------------------------------------------------------
                  0.25    0.00    0.00   clock clk_core (rise edge)
                          0.00    0.00   clock network delay (ideal)
                  0.25    0.00    0.00 ^ system_expander.irq_high_masks[3]$_SDFFE_PN0P_/CLK (sg13cmos5l_dfrbpq_1)
     4    0.02    0.12    0.44    0.44 ^ system_expander.irq_high_masks[3]$_SDFFE_PN0P_/Q (sg13cmos5l_dfrbpq_1)
                                         system_expander.irq_high_ctrl.io_masks[3] (net)
                  0.12    0.00    0.44 ^ _0933_/A1 (sg13cmos5l_a22oi_1)
     1    0.01    0.11    0.16    0.60 v _0933_/Y (sg13cmos5l_a22oi_1)
                                         _0375_ (net)
                  0.11    0.00    0.60 v _0934_/B (sg13cmos5l_and2_1)
     1    0.00    0.04    0.16    0.76 v _0934_/X (sg13cmos5l_and2_1)
                                         _0376_ (net)
                  0.04    0.00    0.76 v _0935_/D (sg13cmos5l_nand4_1)
     1    0.01    0.11    0.11    0.87 ^ _0935_/Y (sg13cmos5l_nand4_1)
                                         _0377_ (net)
                  0.11    0.00    0.87 ^ _0948_/B (sg13cmos5l_or4_1)
     1    0.13    0.82    0.71    1.58 ^ _0948_/X (sg13cmos5l_or4_1)
                                         system_expander.i2cCtrl.io_i2c_interrupts[0] (net)
                  1.11    0.09    1.67 ^ sg13cmos5l_IOPad_io_i2c_interrupt/c2p (sg13cmos5l_IOPadOut4mA)
     2    4.00    5.84    5.39    7.07 ^ sg13cmos5l_IOPad_io_i2c_interrupt/pad (sg13cmos5l_IOPadOut4mA)
                                         io_i2c_interrupt_PAD (net)
                  4.38    0.00    7.07 ^ io_i2c_interrupt_PAD (inout)
                                  7.07   data arrival time

                  0.25   20.00   20.00   clock clk_core (rise edge)
                          0.00   20.00   clock network delay (ideal)
                         -0.05   19.95   clock uncertainty
                          0.00   19.95   clock reconvergence pessimism
                         -4.00   15.95   output external delay
                                 15.95   data required time
-----------------------------------------------------------------------------
                                 15.95   data required time
                                 -7.07   data arrival time
-----------------------------------------------------------------------------
                                  8.88   slack (MET)



==========================================================================
detailed place report_check_types -max_slew -max_cap -max_fanout -violators
--------------------------------------------------------------------------
max slew

Pin                                    Limit    Slew   Slack
------------------------------------------------------------
sg13cmos5l_IOPad_io_i2c_sda/pad         1.20    6.19   -4.99 (VIOLATED)
sg13cmos5l_IOPad_io_i2c_scl/pad         1.20    6.19   -4.99 (VIOLATED)
io_i2c_scl_PAD                          1.20    6.19   -4.99 (VIOLATED)
io_i2c_sda_PAD                          1.20    6.19   -4.99 (VIOLATED)
sg13cmos5l_IOPad_io_i2c_interrupt/pad    1.20    5.84   -4.64 (VIOLATED)
sg13cmos5l_IOPad_io_gpio_7/pad          1.20    2.72   -1.52 (VIOLATED)
sg13cmos5l_IOPad_io_gpio_0/pad          1.20    2.71   -1.51 (VIOLATED)
sg13cmos5l_IOPad_io_gpio_6/pad          1.20    2.70   -1.50 (VIOLATED)
sg13cmos5l_IOPad_io_gpio_1/pad          1.20    2.70   -1.50 (VIOLATED)
sg13cmos5l_IOPad_io_gpio_3/pad          1.20    2.69   -1.49 (VIOLATED)
sg13cmos5l_IOPad_io_gpio_2/pad          1.20    2.69   -1.49 (VIOLATED)
sg13cmos5l_IOPad_io_gpio_5/pad          1.20    2.68   -1.48 (VIOLATED)
sg13cmos5l_IOPad_io_gpio_4/pad          1.20    2.67   -1.47 (VIOLATED)
io_gpio_7_PAD                           1.20    2.04   -0.84 (VIOLATED)
io_gpio_0_PAD                           1.20    2.03   -0.83 (VIOLATED)
io_gpio_6_PAD                           1.20    2.02   -0.82 (VIOLATED)
io_gpio_1_PAD                           1.20    2.02   -0.82 (VIOLATED)
io_gpio_3_PAD                           1.20    2.02   -0.82 (VIOLATED)
io_gpio_2_PAD                           1.20    2.01   -0.81 (VIOLATED)
io_gpio_5_PAD                           1.20    2.01   -0.81 (VIOLATED)
io_gpio_4_PAD                           1.20    2.01   -0.81 (VIOLATED)

max capacitance

Pin                                    Limit     Cap   Slack
------------------------------------------------------------
io_i2c_scl_PAD                          0.60    4.21   -3.61 (VIOLATED)

io_i2c_sda_PAD                          0.60    4.21   -3.61 (VIOLATED)

sg13cmos5l_IOPad_io_i2c_scl/pad         0.60    4.21   -3.61 (VIOLATED)

sg13cmos5l_IOPad_io_i2c_sda/pad         0.60    4.21   -3.61 (VIOLATED)

sg13cmos5l_IOPad_io_i2c_interrupt/pad    0.66    4.00   -3.34 (VIOLATED)

io_gpio_0_PAD                           2.19    4.29   -2.10 (VIOLATED)

io_gpio_1_PAD                           2.19    4.29   -2.10 (VIOLATED)

io_gpio_2_PAD                           2.19    4.29   -2.10 (VIOLATED)

io_gpio_3_PAD                           2.19    4.29   -2.10 (VIOLATED)

io_gpio_4_PAD                           2.19    4.29   -2.10 (VIOLATED)

io_gpio_5_PAD                           2.19    4.29   -2.10 (VIOLATED)

io_gpio_6_PAD                           2.19    4.29   -2.10 (VIOLATED)

io_gpio_7_PAD                           2.19    4.29   -2.10 (VIOLATED)

sg13cmos5l_IOPad_io_gpio_0/pad          2.19    4.29   -2.10 (VIOLATED)

sg13cmos5l_IOPad_io_gpio_1/pad          2.19    4.29   -2.10 (VIOLATED)

sg13cmos5l_IOPad_io_gpio_2/pad          2.19    4.29   -2.10 (VIOLATED)

sg13cmos5l_IOPad_io_gpio_3/pad          2.19    4.29   -2.10 (VIOLATED)

sg13cmos5l_IOPad_io_gpio_4/pad          2.19    4.29   -2.10 (VIOLATED)

sg13cmos5l_IOPad_io_gpio_5/pad          2.19    4.29   -2.10 (VIOLATED)

sg13cmos5l_IOPad_io_gpio_6/pad          2.19    4.29   -2.10 (VIOLATED)

sg13cmos5l_IOPad_io_gpio_7/pad          2.19    4.29   -2.10 (VIOLATED)


==========================================================================
detailed place max_slew_check_slack
--------------------------------------------------------------------------
-4.993946552276611

==========================================================================
detailed place max_slew_check_limit
--------------------------------------------------------------------------
1.2000000476837158

==========================================================================
detailed place max_slew_check_slack_limit
--------------------------------------------------------------------------
-4.1616

==========================================================================
detailed place max_fanout_check_slack
--------------------------------------------------------------------------
0.0

==========================================================================
detailed place max_fanout_check_limit
--------------------------------------------------------------------------
8.0

==========================================================================
detailed place max_fanout_check_slack_limit
--------------------------------------------------------------------------
0.0000

==========================================================================
detailed place max_capacitance_check_slack
--------------------------------------------------------------------------
-3.6129422187805176

==========================================================================
detailed place max_capacitance_check_limit
--------------------------------------------------------------------------
0.5997740030288696

==========================================================================
detailed place max_capacitance_check_slack_limit
--------------------------------------------------------------------------
-6.0238

==========================================================================
detailed place max_slew_violation_count
--------------------------------------------------------------------------
max slew violation count 21

==========================================================================
detailed place max_fanout_violation_count
--------------------------------------------------------------------------
max fanout violation count 0

==========================================================================
detailed place max_cap_violation_count
--------------------------------------------------------------------------
max cap violation count 21

==========================================================================
detailed place setup_violation_count
--------------------------------------------------------------------------
setup violation count 0

==========================================================================
detailed place hold_violation_count
--------------------------------------------------------------------------
hold violation count 0

==========================================================================
detailed place report_checks -path_delay max reg to reg
--------------------------------------------------------------------------
Startpoint: system_expander.link_regAddr[2]$_DFFE_PP_
            (rising edge-triggered flip-flop clocked by clk_core)
Endpoint: system_expander.link_data[4]$_SDFFE_PN0P_
          (rising edge-triggered flip-flop clocked by clk_core)
Path Group: clk_core
Path Type: max
Corner: slow

  Delay    Time   Description
---------------------------------------------------------
   0.00    0.00   clock clk_core (rise edge)
   0.00    0.00   clock network delay (ideal)
   0.00    0.00 ^ system_expander.link_regAddr[2]$_DFFE_PP_/CLK (sg13cmos5l_dfrbpq_1)
   0.54    0.54 ^ system_expander.link_regAddr[2]$_DFFE_PP_/Q (sg13cmos5l_dfrbpq_1)
   0.32    0.86 ^ place401/X (sg13cmos5l_buf_1)
   0.38    1.23 ^ place400/X (sg13cmos5l_buf_1)
   0.24    1.47 v _1095_/Y (sg13cmos5l_nor2_2)
   0.16    1.64 ^ _1098_/Y (sg13cmos5l_nand2_1)
   0.53    2.17 v _1099_/Y (sg13cmos5l_nand3_1)
   0.43    2.60 ^ _1195_/Y (sg13cmos5l_nor2_2)
   0.46    3.07 v _1204_/Y (sg13cmos5l_nand4_1)
   0.26    3.33 v _1205_/X (sg13cmos5l_and3_1)
   0.00    3.33 v system_expander.link_data[4]$_SDFFE_PN0P_/D (sg13cmos5l_dfrbpq_1)
           3.33   data arrival time

  20.00   20.00   clock clk_core (rise edge)
   0.00   20.00   clock network delay (ideal)
  -0.05   19.95   clock uncertainty
   0.00   19.95   clock reconvergence pessimism
          19.95 ^ system_expander.link_data[4]$_SDFFE_PN0P_/CLK (sg13cmos5l_dfrbpq_1)
  -0.11   19.84   library setup time
          19.84   data required time
---------------------------------------------------------
          19.84   data required time
          -3.33   data arrival time
---------------------------------------------------------
          16.51   slack (MET)



==========================================================================
detailed place report_checks -path_delay min reg to reg
--------------------------------------------------------------------------
Startpoint: system_expander.gpioCtrl_1.io_gpio_pins_read_buffercc/buffers_0[1]$_DFF_P_
            (rising edge-triggered flip-flop clocked by clk_core)
Endpoint: system_expander.gpioCtrl_1.last[1]$_DFF_P_
          (rising edge-triggered flip-flop clocked by clk_core)
Path Group: clk_core
Path Type: min
Corner: fast

  Delay    Time   Description
---------------------------------------------------------
   0.00    0.00   clock clk_core (rise edge)
   0.00    0.00   clock network delay (ideal)
   0.00    0.00 ^ system_expander.gpioCtrl_1.io_gpio_pins_read_buffercc/buffers_0[1]$_DFF_P_/CLK (sg13cmos5l_dfrbpq_1)
   0.19    0.19 v system_expander.gpioCtrl_1.io_gpio_pins_read_buffercc/buffers_0[1]$_DFF_P_/Q (sg13cmos5l_dfrbpq_1)
   0.00    0.19 v system_expander.gpioCtrl_1.last[1]$_DFF_P_/D (sg13cmos5l_dfrbpq_1)
           0.19   data arrival time

   0.00    0.00   clock clk_core (rise edge)
   0.00    0.00   clock network delay (ideal)
   0.05    0.05   clock uncertainty
   0.00    0.05   clock reconvergence pessimism
           0.05 ^ system_expander.gpioCtrl_1.last[1]$_DFF_P_/CLK (sg13cmos5l_dfrbpq_1)
   0.01    0.06   library hold time
           0.06   data required time
---------------------------------------------------------
           0.06   data required time
          -0.19   data arrival time
---------------------------------------------------------
           0.13   slack (MET)



==========================================================================
detailed place critical path target clock latency max path
--------------------------------------------------------------------------
0.0000

==========================================================================
detailed place critical path target clock latency min path
--------------------------------------------------------------------------
0.0000

==========================================================================
detailed place critical path source clock latency min path
--------------------------------------------------------------------------
0.0000

==========================================================================
detailed place critical path delay
--------------------------------------------------------------------------
7.0676

==========================================================================
detailed place critical path slack
--------------------------------------------------------------------------
8.8824

==========================================================================
detailed place slack div critical path delay
--------------------------------------------------------------------------
125.677741

==========================================================================
detailed place report_power
--------------------------------------------------------------------------
Corner: slow
Group                  Internal  Switching    Leakage      Total
                          Power      Power      Power      Power (Watts)
----------------------------------------------------------------
Sequential             2.60e-05   9.19e-07   4.08e-07   2.73e-05   7.3%
Combinational          2.29e-06   9.12e-06   3.71e-07   1.18e-05   3.1%
Clock                  0.00e+00   0.00e+00   0.00e+00   0.00e+00   0.0%
Macro                  0.00e+00   0.00e+00   0.00e+00   0.00e+00   0.0%
Pad                    1.45e-04   1.92e-04   1.49e-07   3.37e-04  89.6%
----------------------------------------------------------------
Total                  1.73e-04   2.02e-04   9.28e-07   3.76e-04 100.0%
                          46.0%      53.7%       0.2%
Corner: fast
Group                  Internal  Switching    Leakage      Total
                          Power      Power      Power      Power (Watts)
----------------------------------------------------------------
Sequential             4.17e-05   1.52e-06   2.06e-07   4.35e-05   7.8%
Combinational          3.63e-06   1.53e-05   2.51e-07   1.92e-05   3.5%
Clock                  0.00e+00   0.00e+00   0.00e+00   0.00e+00   0.0%
Macro                  0.00e+00   0.00e+00   0.00e+00   0.00e+00   0.0%
Pad                    2.15e-04   2.76e-04   5.54e-08   4.91e-04  88.7%
----------------------------------------------------------------
Total                  2.60e-04   2.93e-04   5.12e-07   5.54e-04 100.0%
                          47.0%      52.9%       0.1%
